#-----------------------------------------------------------
# Vivado v2025.1 (64-bit)
# SW Build 6140274 on Thu May 22 00:12:29 MDT 2025
# IP Build 6138677 on Thu May 22 03:10:11 MDT 2025
# SharedData Build 6139179 on Tue May 20 17:58:58 MDT 2025
# Start of session at: Tue Aug  5 16:32:52 2025
# Process ID         : 5332
# Current directory  : C:/Users/Mihai Florea/MOUSE DETECTION/MOUSE DETECTION.runs/impl_1
# Command line       : vivado.exe -log morse_recognizer_top.vdi -applog -product Vivado -messageDb vivado.pb -mode batch -source morse_recognizer_top.tcl -notrace
# Log file           : C:/Users/Mihai Florea/MOUSE DETECTION/MOUSE DETECTION.runs/impl_1/morse_recognizer_top.vdi
# Journal file       : C:/Users/Mihai Florea/MOUSE DETECTION/MOUSE DETECTION.runs/impl_1\vivado.jou
# Running On         : DESKTOP-JEAGE0T
# Platform           : Windows Server 2016 or Windows 10
# Operating System   : 26100
# Processor Detail   : Intel(R) Core(TM) i5-10300H CPU @ 2.50GHz
# CPU Frequency      : 2496 MHz
# CPU Physical cores : 4
# CPU Logical cores  : 8
# Host memory        : 17008 MB
# Swap memory        : 1073 MB
# Total Virtual      : 18082 MB
# Available Virtual  : 5735 MB
#-----------------------------------------------------------
source morse_recognizer_top.tcl -notrace
